python : Traceback (most 
recent call last):
At line:1 char:1
+ python manage.py test 
applications.vms > 
test_output.txt 2>&1
+ ~~~~~~~~~~~~~~~~~~~~~~~~
~~~~~~~~~~~~~~~~~~~~~~~~~~
~~~~~~~~~~~
    + CategoryInfo        
      : NotSpecified: (T  
  raceback (most recent   
  call last)::String)     
[], RemoteException
    + FullyQualifiedError 
   Id : NativeCommandErr  
  or
 
  File "C:\Users\theju\Des
ktop\fusion\FusionIIIT\man
age.py", line 23, in 
<module>
    main()
  File "C:\Users\theju\Des
ktop\fusion\FusionIIIT\man
age.py", line 19, in main
    execute_from_command_l
ine(sys.argv)
  File "C:\Python312\Lib\s
ite-packages\django\core\m
anagement\__init__.py", 
line 442, in 
execute_from_command_line
    utility.execute()
  File "C:\Python312\Lib\s
ite-packages\django\core\m
anagement\__init__.py", 
line 436, in execute
    self.fetch_command(sub
command).run_from_argv(sel
f.argv)
  File "C:\Python312\Lib\s
ite-packages\django\core\m
anagement\commands\test.py
", line 24, in 
run_from_argv
    super().run_from_argv(
argv)
  File "C:\Python312\Lib\s
ite-packages\django\core\m
anagement\base.py", line 
416, in run_from_argv
    self.execute(*args, 
**cmd_options)
  File "C:\Python312\Lib\s
ite-packages\django\core\m
anagement\base.py", line 
460, in execute
    output = 
self.handle(*args, 
**options)
             ^^^^^^^^^^^^^
^^^^^^^^^^^^^^^^
  File "C:\Python312\Lib\s
ite-packages\django\core\m
anagement\commands\test.py
", line 63, in handle
    failures = test_runner
.run_tests(test_labels)
               ^^^^^^^^^^^
^^^^^^^^^^^^^^^^^^^^^^^
  File "C:\Python312\Lib\s
ite-packages\django\test\r
unner.py", line 1085, in 
run_tests
    suite = self.build_sui
te(test_labels)
            ^^^^^^^^^^^^^^
^^^^^^^^^^^^^^^
  File "C:\Python312\Lib\s
ite-packages\django\test\r
unner.py", line 940, in 
build_suite
    tests = self.load_test
s_for_label(label, 
discover_kwargs)
            ^^^^^^^^^^^^^^
^^^^^^^^^^^^^^^^^^^^^^^^^^
^^^^^^^^^
  File "C:\Python312\Lib\s
ite-packages\django\test\r
unner.py", line 921, in 
load_tests_for_label
    tests = self.test_load
er.discover(start_dir=labe
l, **kwargs)
            ^^^^^^^^^^^^^^
^^^^^^^^^^^^^^^^^^^^^^^^^^
^^^^^^^^^^^^
  File "C:\Python312\Lib\u
nittest\loader.py", line 
303, in discover
    self._top_level_dir = 
self._get_directory_contai
ning_module(top_part)
                          
^^^^^^^^^^^^^^^^^^^^^^^^^^
^^^^^^^^^^^^^^^^^^^^^
  File "C:\Python312\Lib\u
nittest\loader.py", line 
314, in _get_directory_con
taining_module
    full_path = os.path.ab
spath(module.__file__)
                ^^^^^^^^^^
^^^^^^^^^^^^^^^^^^^^^^
  File "<frozen ntpath>", 
line 599, in abspath
  File "<frozen ntpath>", 
line 566, in normpath
TypeError: expected str, 
bytes or os.PathLike 
object, not NoneType
